Using pre-set license
Built from '2021.3/staging' branch; Version is '2021.3.24f1 (cf10dcf7010d) revision 13570268'; Using compiler version '192829333'; Build Type 'Release'
OS: 'Windows 11  (10.0.26100) 64bit Core' Language: 'en' Physical Memory: 32693 MB
BatchMode: 1, IsHumanControllingUs: 0, StartBugReporterOnCrash: 0, Is64bit: 1, IsPro: 1

COMMAND LINE ARGUMENTS:
C:\Program Files\Unity\Hub\Editor\2021.3.24f1\Editor\Unity.exe
-adb2
-batchMode
-noUpm
-name
AssetImportWorker0
-projectPath
E:/flappy/FlappyBird/flappy
-logFile
Logs/AssetImportWorker0.log
-srvPort
53547
Successfully changed project path to: E:/flappy/FlappyBird/flappy
E:/flappy/FlappyBird/flappy
[UnityMemory] Configuration Parameters - Can be set up in boot.config
    "memorysetup-bucket-allocator-granularity=16"
    "memorysetup-bucket-allocator-bucket-count=8"
    "memorysetup-bucket-allocator-block-size=33554432"
    "memorysetup-bucket-allocator-block-count=8"
    "memorysetup-main-allocator-block-size=16777216"
    "memorysetup-thread-allocator-block-size=16777216"
    "memorysetup-gfx-main-allocator-block-size=16777216"
    "memorysetup-gfx-thread-allocator-block-size=16777216"
    "memorysetup-cache-allocator-block-size=4194304"
    "memorysetup-typetree-allocator-block-size=2097152"
    "memorysetup-profiler-bucket-allocator-granularity=16"
    "memorysetup-profiler-bucket-allocator-bucket-count=8"
    "memorysetup-profiler-bucket-allocator-block-size=33554432"
    "memorysetup-profiler-bucket-allocator-block-count=8"
    "memorysetup-profiler-allocator-block-size=16777216"
    "memorysetup-profiler-editor-allocator-block-size=1048576"
    "memorysetup-temp-allocator-size-main=16777216"
    "memorysetup-job-temp-allocator-block-size=2097152"
    "memorysetup-job-temp-allocator-block-size-background=1048576"
    "memorysetup-job-temp-allocator-reduction-small-platforms=262144"
    "memorysetup-temp-allocator-size-background-worker=32768"
    "memorysetup-temp-allocator-size-job-worker=262144"
    "memorysetup-temp-allocator-size-preload-manager=33554432"
    "memorysetup-temp-allocator-size-nav-mesh-worker=65536"
    "memorysetup-temp-allocator-size-audio-worker=65536"
    "memorysetup-temp-allocator-size-cloud-worker=32768"
    "memorysetup-temp-allocator-size-gi-baking-worker=262144"
    "memorysetup-temp-allocator-size-gfx=262144"
Player connection [15908] Host "[IP] 192.168.56.1 [Port] 0 [Flags] 2 [Guid] 2469494986 [EditorId] 2469494986 [Version] 1048832 [Id] WindowsEditor(7,Alienware-Aurora-R7) [Debug] 1 [PackageName] WindowsEditor [ProjectName] Editor" joined multi-casting on [225.0.0.222:54997]...

Player connection [15908] Host "[IP] 192.168.56.1 [Port] 0 [Flags] 2 [Guid] 2469494986 [EditorId] 2469494986 [Version] 1048832 [Id] WindowsEditor(7,Alienware-Aurora-R7) [Debug] 1 [PackageName] WindowsEditor [ProjectName] Editor" joined alternative multi-casting on [225.0.0.222:34997]...

Refreshing native plugins compatible for Editor in 70.86 ms, found 3 plugins.
Preloading 0 native plugins for Editor in 0.00 ms.
Initialize engine version: 2021.3.24f1 (cf10dcf7010d)
[Subsystems] Discovering subsystems at path C:/Program Files/Unity/Hub/Editor/2021.3.24f1/Editor/Data/Resources/UnitySubsystems
[Subsystems] Discovering subsystems at path E:/flappy/FlappyBird/flappy/Assets
GfxDevice: creating device client; threaded=0; jobified=0
Direct3D:
    Version:  Direct3D 11.0 [level 11.1]
    Renderer: NVIDIA GeForce RTX 3060 (ID=0x2504)
    Vendor:   NVIDIA
    VRAM:     12115 MB
    Driver:   32.0.15.7680
Initialize mono
Mono path[0] = 'C:/Program Files/Unity/Hub/Editor/2021.3.24f1/Editor/Data/Managed'
Mono path[1] = 'C:/Program Files/Unity/Hub/Editor/2021.3.24f1/Editor/Data/MonoBleedingEdge/lib/mono/unityjit-win32'
Mono config path = 'C:/Program Files/Unity/Hub/Editor/2021.3.24f1/Editor/Data/MonoBleedingEdge/etc'
Using monoOptions --debugger-agent=transport=dt_socket,embedding=1,server=y,suspend=n,address=127.0.0.1:56448
Begin MonoManager ReloadAssembly
Registering precompiled unity dll's ...
Register platform support module: C:/Program Files/Unity/Hub/Editor/2021.3.24f1/Editor/Data/PlaybackEngines/WebGLSupport/UnityEditor.WebGL.Extensions.dll
Register platform support module: C:/Program Files/Unity/Hub/Editor/2021.3.24f1/Editor/Data/PlaybackEngines/WindowsStandaloneSupport/UnityEditor.WindowsStandalone.Extensions.dll
Registered in 0.236313 seconds.
Native extension for WindowsStandalone target not found
Native extension for WebGL target not found
Refreshing native plugins compatible for Editor in 68.55 ms, found 3 plugins.
Preloading 0 native plugins for Editor in 0.00 ms.
Mono: successfully reloaded assembly
- Completed reload, in  6.080 seconds
Domain Reload Profiling:
	ReloadAssembly (6081ms)
		BeginReloadAssembly (4801ms)
			ExecutionOrderSort (0ms)
			DisableScriptedObjects (0ms)
			BackupInstance (0ms)
			ReleaseScriptingObjects (0ms)
			CreateAndSetChildDomain (1ms)
		EndReloadAssembly (821ms)
			LoadAssemblies (4803ms)
			RebuildTransferFunctionScriptingTraits (0ms)
			SetupTypeCache (453ms)
			ReleaseScriptCaches (0ms)
			RebuildScriptCaches (29ms)
			SetupLoadedEditorAssemblies (276ms)
				LogAssemblyErrors (0ms)
				InitializePlatformSupportModulesInManaged (10ms)
				SetLoadedEditorAssemblies (0ms)
				RefreshPlugins (69ms)
				BeforeProcessingInitializeOnLoad (2ms)
				ProcessInitializeOnLoadAttributes (141ms)
				ProcessInitializeOnLoadMethodAttributes (54ms)
				AfterProcessingInitializeOnLoad (0ms)
				EditorAssembliesLoaded (0ms)
			ExecutionOrderSort2 (0ms)
			AwakeInstancesAfterBackupRestoration (0ms)
Platform modules already initialized, skipping
Registering precompiled user dll's ...
Registered in 0.004246 seconds.
Begin MonoManager ReloadAssembly
Symbol file LoadedFromMemory doesn't match image E:\flappy\FlappyBird\flappy\Library\PackageCache\com.unity.visualscripting@1.8.0\Editor\VisualScripting.Core\Dependencies\YamlDotNet\Unity.VisualScripting.YamlDotNet.dll
Symbol file LoadedFromMemory doesn't match image E:\flappy\FlappyBird\flappy\Library\PackageCache\com.unity.visualscripting@1.8.0\Editor\VisualScripting.Core\Dependencies\DotNetZip\Unity.VisualScripting.IonicZip.dll
Native extension for WindowsStandalone target not found
Native extension for WebGL target not found
Refreshing native plugins compatible for Editor in 0.55 ms, found 3 plugins.
Preloading 0 native plugins for Editor in 0.00 ms.
Mono: successfully reloaded assembly
- Completed reload, in  4.289 seconds
Domain Reload Profiling:
	ReloadAssembly (4289ms)
		BeginReloadAssembly (130ms)
			ExecutionOrderSort (0ms)
			DisableScriptedObjects (5ms)
			BackupInstance (0ms)
			ReleaseScriptingObjects (0ms)
			CreateAndSetChildDomain (20ms)
		EndReloadAssembly (4045ms)
			LoadAssemblies (2839ms)
			RebuildTransferFunctionScriptingTraits (0ms)
			SetupTypeCache (685ms)
			ReleaseScriptCaches (1ms)
			RebuildScriptCaches (48ms)
			SetupLoadedEditorAssemblies (456ms)
				LogAssemblyErrors (0ms)
				InitializePlatformSupportModulesInManaged (7ms)
				SetLoadedEditorAssemblies (0ms)
				RefreshPlugins (1ms)
				BeforeProcessingInitializeOnLoad (66ms)
				ProcessInitializeOnLoadAttributes (353ms)
				ProcessInitializeOnLoadMethodAttributes (18ms)
				AfterProcessingInitializeOnLoad (12ms)
				EditorAssembliesLoaded (0ms)
			ExecutionOrderSort2 (0ms)
			AwakeInstancesAfterBackupRestoration (7ms)
Platform modules already initialized, skipping
========================================================================
Worker process is ready to serve import requests
Launched and connected shader compiler UnityShaderCompiler.exe after 0.06 seconds
Refreshing native plugins compatible for Editor in 0.54 ms, found 3 plugins.
Preloading 0 native plugins for Editor in 0.00 ms.
Unloading 3021 Unused Serialized files (Serialized files now loaded: 0)
Unloading 22 unused Assets / (56.5 KB). Loaded Objects now: 3484.
Memory consumption went from 107.7 MB to 107.6 MB.
Total: 2.930400 ms (FindLiveObjects: 0.261100 ms CreateObjectMapping: 0.193400 ms MarkObjects: 2.409900 ms  DeleteObjects: 0.064900 ms)

AssetImportParameters requested are different than current active one (requested -> active):
  custom:video-decoder-ogg-theora: a1e56fd34408186e4bbccfd4996cb3dc -> 
  custom:container-muxer-webm: aa71ff27fc2769a1b78a27578f13a17b -> 
  custom:container-demuxer-webm: 4f35f7cbe854078d1ac9338744f61a02 -> 
  custom:video-encoder-webm-vp8: eb34c28f22e8b96e1ab97ce403110664 -> 
  custom:audio-encoder-webm-vorbis: bf7c407c2cedff20999df2af8eb42d56 -> 
  custom:framework-win-MediaFoundation: 216162199b28c13a410421893ffa2e32 -> 
  custom:container-demuxer-ogg: 62fdf1f143b41e24485cea50d1cbac27 -> 
  custom:video-decoder-webm-vp8: 9c59270c3fd7afecdb556c50c9e8de78 -> 
  custom:audio-decoder-ogg-vorbis: bf7c407c2cedff20999df2af8eb42d56 -> 
========================================================================
Received Import Request.
  Time since last request: 72760.960364 seconds.
  path: Assets/Assets/Game_music/With love from Vertex Studio (9).mp3
  artifactKey: Guid(d65707d0dde556441b074e7e98afff15) Importer(815301076,1909f56bfc062723c751e8b465ee728b)
Start importing Assets/Assets/Game_music/With love from Vertex Studio (9).mp3 using Guid(d65707d0dde556441b074e7e98afff15) Importer(815301076,1909f56bfc062723c751e8b465ee728b)  -> (artifact id: '5cef2bf83f9b3272f805fca4a857ab0b') in 0.301306 seconds 
========================================================================
Received Import Request.
  Time since last request: 0.000021 seconds.
  path: Assets/Assets/Game_music/With love from Vertex Studio (19).mp3
  artifactKey: Guid(f905b2e0cde208848b9175d5fb96d12b) Importer(815301076,1909f56bfc062723c751e8b465ee728b)
Start importing Assets/Assets/Game_music/With love from Vertex Studio (19).mp3 using Guid(f905b2e0cde208848b9175d5fb96d12b) Importer(815301076,1909f56bfc062723c751e8b465ee728b)  -> (artifact id: 'f84781facd3b337e84c4a09e3c7d6d54') in 0.058593 seconds 
========================================================================
Received Import Request.
  Time since last request: 0.000033 seconds.
  path: Assets/Assets/Game_music/With love from Vertex Studio (7).mp3
  artifactKey: Guid(879d0beef8d775e4c856720ff6d955b1) Importer(815301076,1909f56bfc062723c751e8b465ee728b)
Start importing Assets/Assets/Game_music/With love from Vertex Studio (7).mp3 using Guid(879d0beef8d775e4c856720ff6d955b1) Importer(815301076,1909f56bfc062723c751e8b465ee728b)  -> (artifact id: 'd7587eb9121b34276f5138259ab3bbdf') in 0.053403 seconds 
========================================================================
Received Import Request.
  Time since last request: 0.000020 seconds.
  path: Assets/Assets/Game_music/With love from Vertex Studio (31).mp3
  artifactKey: Guid(ea0df3c3884da4b47b409b6e1e30d3e9) Importer(815301076,1909f56bfc062723c751e8b465ee728b)
Start importing Assets/Assets/Game_music/With love from Vertex Studio (31).mp3 using Guid(ea0df3c3884da4b47b409b6e1e30d3e9) Importer(815301076,1909f56bfc062723c751e8b465ee728b)  -> (artifact id: '8454d8afdfa43e1395e1fa5efbe0314b') in 0.034708 seconds 
========================================================================
Received Import Request.
  Time since last request: 0.000018 seconds.
  path: Assets/Assets/Game_music/With love from Vertex Studio (32).mp3
  artifactKey: Guid(9e748a4de002c8a4aa5c5dc4b7a8dee1) Importer(815301076,1909f56bfc062723c751e8b465ee728b)
Start importing Assets/Assets/Game_music/With love from Vertex Studio (32).mp3 using Guid(9e748a4de002c8a4aa5c5dc4b7a8dee1) Importer(815301076,1909f56bfc062723c751e8b465ee728b)  -> (artifact id: '881936182c49cdbb2da84f68559ea96c') in 0.040846 seconds 
========================================================================
Received Import Request.
  Time since last request: 0.000096 seconds.
  path: Assets/Assets/Game_music/With love from Vertex Studio (13).mp3
  artifactKey: Guid(58ceb12f5a5c3114089789a111f60758) Importer(815301076,1909f56bfc062723c751e8b465ee728b)
Start importing Assets/Assets/Game_music/With love from Vertex Studio (13).mp3 using Guid(58ceb12f5a5c3114089789a111f60758) Importer(815301076,1909f56bfc062723c751e8b465ee728b)  -> (artifact id: 'd097986702457b6fd8b5caf985abf273') in 0.078609 seconds 
========================================================================
Received Import Request.
  Time since last request: 0.000044 seconds.
  path: Assets/Assets/Game_music/With love from Vertex Studio (11).mp3
  artifactKey: Guid(34394f556e8b02e4185d357ff6ab6f26) Importer(815301076,1909f56bfc062723c751e8b465ee728b)
Start importing Assets/Assets/Game_music/With love from Vertex Studio (11).mp3 using Guid(34394f556e8b02e4185d357ff6ab6f26) Importer(815301076,1909f56bfc062723c751e8b465ee728b)  -> (artifact id: '64146957cbe32c94f53e2d7af0dc1399') in 0.035916 seconds 
========================================================================
Received Import Request.
  Time since last request: 0.000023 seconds.
  path: Assets/Assets/Game_music/With love from Vertex Studio (28).mp3
  artifactKey: Guid(c1f8eca4a80b8f54289cb229d0fc6f2c) Importer(815301076,1909f56bfc062723c751e8b465ee728b)
Start importing Assets/Assets/Game_music/With love from Vertex Studio (28).mp3 using Guid(c1f8eca4a80b8f54289cb229d0fc6f2c) Importer(815301076,1909f56bfc062723c751e8b465ee728b)  -> (artifact id: 'e8956016c101e0eb2089b5d84ca1764d') in 0.041986 seconds 
========================================================================
Received Import Request.
  Time since last request: 0.000017 seconds.
  path: Assets/Assets/Game_music/With love from Vertex Studio (10).mp3
  artifactKey: Guid(97f5a65dda474424587cc414c6de95e3) Importer(815301076,1909f56bfc062723c751e8b465ee728b)
Start importing Assets/Assets/Game_music/With love from Vertex Studio (10).mp3 using Guid(97f5a65dda474424587cc414c6de95e3) Importer(815301076,1909f56bfc062723c751e8b465ee728b)  -> (artifact id: 'fdefeae995246f486866d325c49f30d3') in 0.041905 seconds 
========================================================================
Received Import Request.
  Time since last request: 0.000021 seconds.
  path: Assets/Assets/Game_music/With love from Vertex Studio (6).mp3
  artifactKey: Guid(2ca9dfc5c87541540b731dc34bfc7bda) Importer(815301076,1909f56bfc062723c751e8b465ee728b)
Start importing Assets/Assets/Game_music/With love from Vertex Studio (6).mp3 using Guid(2ca9dfc5c87541540b731dc34bfc7bda) Importer(815301076,1909f56bfc062723c751e8b465ee728b)  -> (artifact id: '7b1f6ceb2a65a7a49c58ee7b712c9721') in 0.046728 seconds 
========================================================================
Received Import Request.
  Time since last request: 0.000014 seconds.
  path: Assets/Assets/Game_music/With love from Vertex Studio (12).mp3
  artifactKey: Guid(bf4a18bbbc1f9514682bd2a62ad53542) Importer(815301076,1909f56bfc062723c751e8b465ee728b)
Start importing Assets/Assets/Game_music/With love from Vertex Studio (12).mp3 using Guid(bf4a18bbbc1f9514682bd2a62ad53542) Importer(815301076,1909f56bfc062723c751e8b465ee728b)  -> (artifact id: '523f836a402dd6b638248ce425580096') in 0.040956 seconds 
========================================================================
Received Import Request.
  Time since last request: 0.000023 seconds.
  path: Assets/Assets/Game_music/With love from Vertex Studio (25).mp3
  artifactKey: Guid(e3362000d27399941bbe6e7597df97da) Importer(815301076,1909f56bfc062723c751e8b465ee728b)
Start importing Assets/Assets/Game_music/With love from Vertex Studio (25).mp3 using Guid(e3362000d27399941bbe6e7597df97da) Importer(815301076,1909f56bfc062723c751e8b465ee728b)  -> (artifact id: '1f3bbdd4280ad31b67f7e1b1eb351bd4') in 0.023258 seconds 
========================================================================
Received Import Request.
  Time since last request: 0.000032 seconds.
  path: Assets/Assets/Game_music/With love from Vertex Studio (4).mp3
  artifactKey: Guid(e0042aeb89a628345b0f0ebabb4db95f) Importer(815301076,1909f56bfc062723c751e8b465ee728b)
Start importing Assets/Assets/Game_music/With love from Vertex Studio (4).mp3 using Guid(e0042aeb89a628345b0f0ebabb4db95f) Importer(815301076,1909f56bfc062723c751e8b465ee728b)  -> (artifact id: '22cfe2d8d0352f43ccd0594aa20df241') in 0.043125 seconds 
========================================================================
Received Prepare
Registering precompiled user dll's ...
Registered in 0.003272 seconds.
Begin MonoManager ReloadAssembly
Symbol file LoadedFromMemory doesn't match image E:\flappy\FlappyBird\flappy\Library\PackageCache\com.unity.visualscripting@1.8.0\Editor\VisualScripting.Core\Dependencies\YamlDotNet\Unity.VisualScripting.YamlDotNet.dll
Symbol file LoadedFromMemory doesn't match image E:\flappy\FlappyBird\flappy\Library\PackageCache\com.unity.visualscripting@1.8.0\Editor\VisualScripting.Core\Dependencies\DotNetZip\Unity.VisualScripting.IonicZip.dll
Native extension for WindowsStandalone target not found
Native extension for WebGL target not found
Refreshing native plugins compatible for Editor in 0.54 ms, found 3 plugins.
Preloading 0 native plugins for Editor in 0.00 ms.
Mono: successfully reloaded assembly
- Completed reload, in  0.986 seconds
Domain Reload Profiling:
	ReloadAssembly (987ms)
		BeginReloadAssembly (143ms)
			ExecutionOrderSort (0ms)
			DisableScriptedObjects (5ms)
			BackupInstance (0ms)
			ReleaseScriptingObjects (0ms)
			CreateAndSetChildDomain (32ms)
		EndReloadAssembly (745ms)
			LoadAssemblies (93ms)
			RebuildTransferFunctionScriptingTraits (0ms)
			SetupTypeCache (228ms)
			ReleaseScriptCaches (1ms)
			RebuildScriptCaches (40ms)
			SetupLoadedEditorAssemblies (363ms)
				LogAssemblyErrors (0ms)
				InitializePlatformSupportModulesInManaged (8ms)
				SetLoadedEditorAssemblies (0ms)
				RefreshPlugins (1ms)
				BeforeProcessingInitializeOnLoad (51ms)
				ProcessInitializeOnLoadAttributes (274ms)
				ProcessInitializeOnLoadMethodAttributes (16ms)
				AfterProcessingInitializeOnLoad (12ms)
				EditorAssembliesLoaded (0ms)
			ExecutionOrderSort2 (0ms)
			AwakeInstancesAfterBackupRestoration (9ms)
Platform modules already initialized, skipping
Refreshing native plugins compatible for Editor in 2.52 ms, found 3 plugins.
Preloading 0 native plugins for Editor in 0.00 ms.
Unloading 3002 Unused Serialized files (Serialized files now loaded: 0)
Unloading 15 unused Assets / (24.7 KB). Loaded Objects now: 3497.
Memory consumption went from 110.5 MB to 110.4 MB.
Total: 5.176000 ms (FindLiveObjects: 0.345100 ms CreateObjectMapping: 0.269000 ms MarkObjects: 4.516200 ms  DeleteObjects: 0.044500 ms)

AssetImportParameters requested are different than current active one (requested -> active):
  custom:video-decoder-ogg-theora: a1e56fd34408186e4bbccfd4996cb3dc -> 
  custom:container-muxer-webm: aa71ff27fc2769a1b78a27578f13a17b -> 
  custom:container-demuxer-webm: 4f35f7cbe854078d1ac9338744f61a02 -> 
  custom:video-encoder-webm-vp8: eb34c28f22e8b96e1ab97ce403110664 -> 
  custom:audio-encoder-webm-vorbis: bf7c407c2cedff20999df2af8eb42d56 -> 
  custom:framework-win-MediaFoundation: 216162199b28c13a410421893ffa2e32 -> 
  custom:container-demuxer-ogg: 62fdf1f143b41e24485cea50d1cbac27 -> 
  custom:video-decoder-webm-vp8: 9c59270c3fd7afecdb556c50c9e8de78 -> 
  custom:audio-decoder-ogg-vorbis: bf7c407c2cedff20999df2af8eb42d56 -> 
Editor requested this worker to shutdown with reason: Scaling down because of idle timeout
AssetImportWorker is now disconnected from the server
Process exiting
Exiting without the bug reporter. Application will terminate with return code 0